---
source: src/model_prediction_logger.rs
expression: formatted
---
Predicted parameters: w1=0.60000, w2=0.40000, α1=3.00000, α2=0.01000, θ1=10.00000, θ2=0.00010
Actual time usage: 4.000
0.000-0.100: ███▎                                     (0.526109)
0.100-0.200: █████████▊                               (1.530128)
0.200-0.300: ██████████                               (1.553567)
0.300-0.400: ███████                                  (1.120126)
0.400-0.500: ████▎                                    (0.682959)
0.500-0.600: ██▎                                      (0.377505)
0.600-0.700: █▎                                       (0.196181)
0.700-0.800: ▌                                        (0.098210)
0.800-0.900: ▎                                        (0.048411)
0.900-1.000:                                          (0.024126)
Actual value density: 0.000930
