---
source: src/encoding.rs
expression: snapshot_data
---
Position: r1bq1rk1/pp2ppbp/3p2p1/3N2B1/8/1P1Q4/1P3PPP/R4RK1 b - - 1 15
f6 control: 0.417108
d4 control: 0.377153
