---
source: src/model_prediction_logger.rs
expression: formatted
---
Predicted parameters: w1=0.30000, w2=0.70000, α1=0.50000, α2=3.00000, θ1=0.08000, θ2=0.02000
Actual time usage: 0.080
0.000-0.010: ██████████                               (0.676757)
0.010-0.020: █████▊                                   (0.390413)
0.020-0.030: ████▎                                    (0.302171)
0.030-0.040: ███▊                                     (0.255177)
0.040-0.050: ███▎                                     (0.224865)
0.050-0.060: ███                                      (0.203235)
0.060-0.070: ██▊                                      (0.186800)
0.070-0.080: ██▌                                      (0.173762)
0.080-0.090: ██▎                                      (0.163091)
0.090-0.100: ██▎                                      (0.154145)
Actual value density: 0.168177
