---
source: src/model_prediction_logger.rs
expression: formatted
---
Predicted parameters: w1=0.90000, w2=0.10000, α1=0.80000, α2=1.20000, θ1=0.05000, θ2=0.04000
Actual time usage: 0.000
0.000-0.010: ██████████                               (0.203784)
0.010-0.020: ████████                                 (0.163855)
0.020-0.030: ███████▎                                 (0.148070)
0.030-0.040: ██████▊                                  (0.138512)
0.040-0.050: ██████▎                                  (0.131774)
0.050-0.060: ██████                                   (0.126625)
0.060-0.070: ██████                                   (0.122489)
0.070-0.080: █████▊                                   (0.119049)
0.080-0.090: █████▌                                   (0.116116)
0.090-0.100: █████▌                                   (0.113567)
Actual value density: inf
